2025-04-04 05:28:20.944483 - Received CBT.V508.FILE173.PDS from FILE173.XMI 
2025-04-04 05:28:20.945785 - Found $$$#DATE.txt (text/plain) in CBT.V508.FILE173.PDS, moved to PDS/$$$#DATE
2025-04-04 05:28:20.945924 - Found $CPYRITE.txt (text/plain) in CBT.V508.FILE173.PDS, moved to PDS/$CPYRITE
2025-04-04 05:28:20.946053 - Found $DOC.txt (text/plain) in CBT.V508.FILE173.PDS, moved to PDS/$DOC
2025-04-04 05:28:20.946175 - Found @FILE173.txt (text/plain) in CBT.V508.FILE173.PDS, moved to PDS/@FILE173
2025-04-04 05:28:20.946321 - Found ARITH.txt (text/plain) in CBT.V508.FILE173.PDS, moved to PDS/ARITH
2025-04-04 05:28:20.946436 - Found ASMLINK.jcl (text/plain) in CBT.V508.FILE173.PDS, moved to PDS/ASMLINK
2025-04-04 05:28:20.946591 - Found DSATXA.txt (text/plain) in CBT.V508.FILE173.PDS, moved to PDS/DSATXA
2025-04-04 05:28:20.946766 - Found FINDFMID.txt (text/plain) in CBT.V508.FILE173.PDS, moved to PDS/FINDFMID
2025-04-04 05:28:20.946967 - Found FINDPTF.txt (text/plain) in CBT.V508.FILE173.PDS, moved to PDS/FINDPTF
2025-04-04 05:28:20.947090 - Found HELPAR.txt (text/plain) in CBT.V508.FILE173.PDS, moved to PDS/HELPAR
2025-04-04 05:28:20.947212 - Found HELPDSAT.txt (text/plain) in CBT.V508.FILE173.PDS, moved to PDS/HELPDSAT
2025-04-04 05:28:20.947323 - Found HELPVO.txt (text/plain) in CBT.V508.FILE173.PDS, moved to PDS/HELPVO
2025-04-04 05:28:20.947432 - Found JCLFINDP.jcl (text/plain) in CBT.V508.FILE173.PDS, moved to PDS/JCLFINDP
2025-04-04 05:28:20.947571 - Found JCLFMIDF.jcl (text/plain) in CBT.V508.FILE173.PDS, moved to PDS/JCLFMIDF
2025-04-04 05:28:20.947711 - Found JCLPRTPD.jcl (text/plain) in CBT.V508.FILE173.PDS, moved to PDS/JCLPRTPD
2025-04-04 05:28:20.947824 - Found JCLSMPET.jcl (text/plain) in CBT.V508.FILE173.PDS, moved to PDS/JCLSMPET
2025-04-04 05:28:20.947944 - Found LISTALOC.txt (text/plain) in CBT.V508.FILE173.PDS, moved to PDS/LISTALOC
2025-04-04 05:28:20.948068 - Found LISTLEV.txt (text/plain) in CBT.V508.FILE173.PDS, moved to PDS/LISTLEV
2025-04-04 05:28:20.948194 - Found LISTVTOC.txt (text/plain) in CBT.V508.FILE173.PDS, moved to PDS/LISTVTOC
2025-04-04 05:28:20.948317 - Found MONJOB.txt (text/plain) in CBT.V508.FILE173.PDS, moved to PDS/MONJOB
2025-04-04 05:28:20.948455 - Found POSTIT.txt (text/plain) in CBT.V508.FILE173.PDS, moved to PDS/POSTIT
2025-04-04 05:28:20.948592 - Found PRTPDS.txt (text/plain) in CBT.V508.FILE173.PDS, moved to PDS/PRTPDS
2025-04-04 05:28:20.948743 - Found SHOWVOLS.txt (text/plain) in CBT.V508.FILE173.PDS, moved to PDS/SHOWVOLS
2025-04-04 05:28:20.948895 - Found SMPETOOL.txt (text/plain) in CBT.V508.FILE173.PDS, moved to PDS/SMPETOOL
2025-04-04 05:28:20.949036 - Found STARTREK.txt (text/plain) in CBT.V508.FILE173.PDS, moved to PDS/STARTREK
2025-04-04 05:28:20.949154 - Found TSOCMDR.txt (text/plain) in CBT.V508.FILE173.PDS, moved to PDS/TSOCMDR
2025-04-04 05:28:20.949270 - Found VOPER.txt (text/plain) in CBT.V508.FILE173.PDS, moved to PDS/VOPER
